Archive member included to satisfy reference by file (symbol)

c:/program files (x86)/atmel/studio/7.0/toolchain/avr8/avr8-gnu-toolchain/bin/../lib/gcc/avr/4.9.2/avr51\libgcc.a(_divmodhi4.o)
                              Datastructure/src/SerialBuffer.o (__divmodhi4)
c:/program files (x86)/atmel/studio/7.0/toolchain/avr8/avr8-gnu-toolchain/bin/../lib/gcc/avr/4.9.2/avr51\libgcc.a(_exit.o)
                              C:/Program Files (x86)/Atmel/Studio/7.0/Packs/atmel/ATmega_DFP/1.1.130/gcc/dev/atmega128a/avr51/crtatmega128a.o (exit)
c:/program files (x86)/atmel/studio/7.0/toolchain/avr8/avr8-gnu-toolchain/bin/../lib/gcc/avr/4.9.2/avr51\libgcc.a(_copy_data.o)
                              Datastructure/src/SerialBuffer.o (__do_copy_data)
c:/program files (x86)/atmel/studio/7.0/toolchain/avr8/avr8-gnu-toolchain/bin/../lib/gcc/avr/4.9.2/avr51\libgcc.a(_clear_bss.o)
                              DeviceDriver/src/Dev_Manager.o (__do_clear_bss)
c:/program files (x86)/atmel/studio/7.0/toolchain/avr8/avr8-gnu-toolchain/bin/../lib/gcc/avr/4.9.2/avr51\libgcc.a(_udivmodhi4.o)
                              c:/program files (x86)/atmel/studio/7.0/toolchain/avr8/avr8-gnu-toolchain/bin/../lib/gcc/avr/4.9.2/avr51\libgcc.a(_divmodhi4.o) (__udivmodhi4)
c:/program files (x86)/atmel/studio/7.0/toolchain/avr8/avr8-gnu-toolchain/bin/../lib/gcc/avr/4.9.2/../../../../avr/lib/avr51\libc.a(memcpy.o)
                              RTOS/SRC/queue.o (memcpy)

Discarded input sections

 .data          0x00000000        0x0 C:/Program Files (x86)/Atmel/Studio/7.0/Packs/atmel/ATmega_DFP/1.1.130/gcc/dev/atmega128a/avr51/crtatmega128a.o
 .bss           0x00000000        0x0 C:/Program Files (x86)/Atmel/Studio/7.0/Packs/atmel/ATmega_DFP/1.1.130/gcc/dev/atmega128a/avr51/crtatmega128a.o
 .text          0x00000000        0x0 CommunicateProtocols/src/Modbus_rtu.o
 .data          0x00000000        0x0 CommunicateProtocols/src/Modbus_rtu.o
 .bss           0x00000000        0x0 CommunicateProtocols/src/Modbus_rtu.o
 .text._Z9to_littlei
                0x00000000        0xe CommunicateProtocols/src/Modbus_rtu.o
 .text._Z6to_bigi
                0x00000000        0x8 CommunicateProtocols/src/Modbus_rtu.o
 .text          0x00000000        0x0 Datastructure/src/SerialBuffer.o
 .data          0x00000000        0x0 Datastructure/src/SerialBuffer.o
 .bss           0x00000000        0x0 Datastructure/src/SerialBuffer.o
 .text._ZN12SerialBufferdlEPv
                0x00000000        0x6 Datastructure/src/SerialBuffer.o
 .text._ZN12SerialBuffer11SerialWriteEc
                0x00000000       0x42 Datastructure/src/SerialBuffer.o
 .text._ZN12SerialBuffer11SerialWriteEPKc
                0x00000000       0x48 Datastructure/src/SerialBuffer.o
 .text._ZN12SerialBuffer11SerialWriteEi
                0x00000000       0xf0 Datastructure/src/SerialBuffer.o
 .rodata._ZL10HexaString
                0x00000000       0x11 Datastructure/src/SerialBuffer.o
 .text          0x00000000        0x0 DeviceDriver/src/Dev_Manager.o
 .data          0x00000000        0x0 DeviceDriver/src/Dev_Manager.o
 .bss           0x00000000        0x0 DeviceDriver/src/Dev_Manager.o
 .text._ZN11Dev_ManagerD2Ev
                0x00000000        0xa DeviceDriver/src/Dev_Manager.o
 .text._ZN11Dev_ManagerdlEPv
                0x00000000        0x6 DeviceDriver/src/Dev_Manager.o
 .text._ZN11Dev_Manager6WritesE8Dev_typePc
                0x00000000       0x28 DeviceDriver/src/Dev_Manager.o
 .text._ZN11Dev_Manager12Close_HandleE8Dev_type
                0x00000000       0x1a DeviceDriver/src/Dev_Manager.o
 .group         0x00000000        0x8 DeviceDriver/src/RS485Driver.o
 .group         0x00000000        0x8 DeviceDriver/src/RS485Driver.o
 .group         0x00000000        0x8 DeviceDriver/src/RS485Driver.o
 .group         0x00000000        0x8 DeviceDriver/src/RS485Driver.o
 .text          0x00000000        0x0 DeviceDriver/src/RS485Driver.o
 .data          0x00000000        0x0 DeviceDriver/src/RS485Driver.o
 .bss           0x00000000        0x0 DeviceDriver/src/RS485Driver.o
 .text._ZN20DeviceDriveInterFace13Device_WritesEPKc
                0x00000000        0x2 DeviceDriver/src/RS485Driver.o
 .text._ZN20DeviceDriveInterFace12Device_WriteEc
                0x00000000        0x2 DeviceDriver/src/RS485Driver.o
 .text._ZN11RS485DriverdlEPv
                0x00000000        0x6 DeviceDriver/src/RS485Driver.o
 .text._ZN11RS485Driver11getInstanceEv
                0x00000000       0x34 DeviceDriver/src/RS485Driver.o
 .group         0x00000000        0x8 DeviceDriver/src/UartDriver.o
 .group         0x00000000        0x8 DeviceDriver/src/UartDriver.o
 .group         0x00000000        0x8 DeviceDriver/src/UartDriver.o
 .group         0x00000000        0x8 DeviceDriver/src/UartDriver.o
 .text          0x00000000        0x0 DeviceDriver/src/UartDriver.o
 .data          0x00000000        0x0 DeviceDriver/src/UartDriver.o
 .bss           0x00000000        0x0 DeviceDriver/src/UartDriver.o
 .text._ZN20DeviceDriveInterFace11Device_ReadEv
                0x00000000        0x2 DeviceDriver/src/UartDriver.o
 .text._ZN20DeviceDriveInterFace13Device_WritesEPKc
                0x00000000        0x2 DeviceDriver/src/UartDriver.o
 .text._ZN20DeviceDriveInterFace12Device_WriteEc
                0x00000000        0x2 DeviceDriver/src/UartDriver.o
 .text._ZN10UartDriver11getInstanceEv
                0x00000000       0x34 DeviceDriver/src/UartDriver.o
 .text._ZN10UartDriverdlEPv
                0x00000000        0x6 DeviceDriver/src/UartDriver.o
 .text          0x00000000        0x0 Eth_Udp/SRC/enc28j60.o
 .data          0x00000000        0x0 Eth_Udp/SRC/enc28j60.o
 .bss           0x00000000        0x0 Eth_Udp/SRC/enc28j60.o
 .text._Z14enc28j60ReadOphh
                0x00000000       0x24 Eth_Udp/SRC/enc28j60.o
 .text._Z15enc28j60WriteOphhh
                0x00000000       0x16 Eth_Udp/SRC/enc28j60.o
 .text._Z18enc28j60ReadBufferjPh
                0x00000000       0x30 Eth_Udp/SRC/enc28j60.o
 .text._Z19enc28j60WriteBufferjPh
                0x00000000       0x2e Eth_Udp/SRC/enc28j60.o
 .text._Z15enc28j60SetBankh
                0x00000000       0x4e Eth_Udp/SRC/enc28j60.o
 .text._Z12enc28j60Readh
                0x00000000       0x14 Eth_Udp/SRC/enc28j60.o
 .text._Z13enc28j60Writehh
                0x00000000       0x1c Eth_Udp/SRC/enc28j60.o
 .text._Z16enc28j60PhyReadHh
                0x00000000       0x32 Eth_Udp/SRC/enc28j60.o
 .text._Z16enc28j60PhyWritehj
                0x00000000       0x38 Eth_Udp/SRC/enc28j60.o
 .text._Z14enc28j60clkouth
                0x00000000        0xc Eth_Udp/SRC/enc28j60.o
 .text._Z12enc28j60InitPh
                0x00000000      0x13c Eth_Udp/SRC/enc28j60.o
 .text._Z14enc28j60getrevv
                0x00000000        0x8 Eth_Udp/SRC/enc28j60.o
 .text._Z14enc28j60linkupv
                0x00000000       0x12 Eth_Udp/SRC/enc28j60.o
 .text._Z18enc28j60PacketSendjPh
                0x00000000       0x6e Eth_Udp/SRC/enc28j60.o
 .text._Z21enc28j60PacketReceivejPh
                0x00000000       0xe4 Eth_Udp/SRC/enc28j60.o
 .bss._ZL13NextPacketPtr
                0x00000000        0x2 Eth_Udp/SRC/enc28j60.o
 .bss._ZL12Enc28j60Bank
                0x00000000        0x1 Eth_Udp/SRC/enc28j60.o
 .debug_info    0x00000000      0xc11 Eth_Udp/SRC/enc28j60.o
 .debug_abbrev  0x00000000      0x259 Eth_Udp/SRC/enc28j60.o
 .debug_loc     0x00000000      0x714 Eth_Udp/SRC/enc28j60.o
 .debug_aranges
                0x00000000       0x90 Eth_Udp/SRC/enc28j60.o
 .debug_ranges  0x00000000       0x80 Eth_Udp/SRC/enc28j60.o
 .debug_line    0x00000000      0x57c Eth_Udp/SRC/enc28j60.o
 .debug_str     0x00000000      0x4c7 Eth_Udp/SRC/enc28j60.o
 .comment       0x00000000       0x31 Eth_Udp/SRC/enc28j60.o
 .debug_frame   0x00000000      0x18c Eth_Udp/SRC/enc28j60.o
 .text          0x00000000        0x0 Eth_Udp/SRC/ip_arp_udp_tcp.o
 .data          0x00000000        0x0 Eth_Udp/SRC/ip_arp_udp_tcp.o
 .bss           0x00000000        0x0 Eth_Udp/SRC/ip_arp_udp_tcp.o
 .text._Z8checksumPhjh
                0x00000000       0xfc Eth_Udp/SRC/ip_arp_udp_tcp.o
 .text._Z19init_ip_arp_udp_tcpPhS_h
                0x00000000       0x30 Eth_Udp/SRC/ip_arp_udp_tcp.o
 .text._Z25eth_type_is_arp_and_my_ipPhj
                0x00000000       0x4c Eth_Udp/SRC/ip_arp_udp_tcp.o
 .text._Z24eth_type_is_ip_and_my_ipPhj
                0x00000000       0x54 Eth_Udp/SRC/ip_arp_udp_tcp.o
 .text._Z8make_ethPh
                0x00000000       0x26 Eth_Udp/SRC/ip_arp_udp_tcp.o
 .text._Z20fill_ip_hdr_checksumPh
                0x00000000       0x2a Eth_Udp/SRC/ip_arp_udp_tcp.o
 .text._Z7make_ipPh
                0x00000000       0x32 Eth_Udp/SRC/ip_arp_udp_tcp.o
 .text._Z12make_tcpheadPhjhh
                0x00000000       0xca Eth_Udp/SRC/ip_arp_udp_tcp.o
 .text._Z28make_arp_answer_from_requestPh
                0x00000000       0x6e Eth_Udp/SRC/ip_arp_udp_tcp.o
 .text._Z28make_echo_reply_from_requestPhj
                0x00000000       0x3a Eth_Udp/SRC/ip_arp_udp_tcp.o
 .text._Z27make_udp_reply_from_requestPhPchj
                0x00000000       0x9e Eth_Udp/SRC/ip_arp_udp_tcp.o
 .text._Z24make_tcp_synack_from_synPh
                0x00000000       0x4a Eth_Udp/SRC/ip_arp_udp_tcp.o
 .text._Z20get_tcp_data_pointerv
                0x00000000       0x1e Eth_Udp/SRC/ip_arp_udp_tcp.o
 .text._Z13init_len_infoPh
                0x00000000       0x58 Eth_Udp/SRC/ip_arp_udp_tcp.o
 .text._Z15fill_tcp_data_pPhjPKc
                0x00000000       0x2c Eth_Udp/SRC/ip_arp_udp_tcp.o
 .text._Z13fill_tcp_dataPhjPKc
                0x00000000       0x26 Eth_Udp/SRC/ip_arp_udp_tcp.o
 .text._Z21make_tcp_ack_from_anyPh
                0x00000000       0x64 Eth_Udp/SRC/ip_arp_udp_tcp.o
 .text._Z22make_tcp_ack_with_dataPhj
                0x00000000       0x4a Eth_Udp/SRC/ip_arp_udp_tcp.o
 .data._ZL6seqnum
                0x00000000        0x1 Eth_Udp/SRC/ip_arp_udp_tcp.o
 .bss._ZL13info_data_len
                0x00000000        0x2 Eth_Udp/SRC/ip_arp_udp_tcp.o
 .bss._ZL12info_hdr_len
                0x00000000        0x2 Eth_Udp/SRC/ip_arp_udp_tcp.o
 .bss._ZL6ipaddr
                0x00000000        0x4 Eth_Udp/SRC/ip_arp_udp_tcp.o
 .bss._ZL7macaddr
                0x00000000        0x6 Eth_Udp/SRC/ip_arp_udp_tcp.o
 .data._ZL7wwwport
                0x00000000        0x1 Eth_Udp/SRC/ip_arp_udp_tcp.o
 .debug_info    0x00000000      0xa6b Eth_Udp/SRC/ip_arp_udp_tcp.o
 .debug_abbrev  0x00000000      0x258 Eth_Udp/SRC/ip_arp_udp_tcp.o
 .debug_loc     0x00000000      0xdae Eth_Udp/SRC/ip_arp_udp_tcp.o
 .debug_aranges
                0x00000000       0xa8 Eth_Udp/SRC/ip_arp_udp_tcp.o
 .debug_ranges  0x00000000       0xb0 Eth_Udp/SRC/ip_arp_udp_tcp.o
 .debug_line    0x00000000      0x659 Eth_Udp/SRC/ip_arp_udp_tcp.o
 .debug_str     0x00000000      0x5fb Eth_Udp/SRC/ip_arp_udp_tcp.o
 .comment       0x00000000       0x31 Eth_Udp/SRC/ip_arp_udp_tcp.o
 .debug_frame   0x00000000      0x218 Eth_Udp/SRC/ip_arp_udp_tcp.o
 .text          0x00000000        0x0 Eth_Udp/SRC/spi.o
 .data          0x00000000        0x0 Eth_Udp/SRC/spi.o
 .bss           0x00000000        0x0 Eth_Udp/SRC/spi.o
 .text._Z8spi_initv
                0x00000000       0x1a Eth_Udp/SRC/spi.o
 .debug_info    0x00000000       0x86 Eth_Udp/SRC/spi.o
 .debug_abbrev  0x00000000       0x52 Eth_Udp/SRC/spi.o
 .debug_aranges
                0x00000000       0x20 Eth_Udp/SRC/spi.o
 .debug_ranges  0x00000000       0x10 Eth_Udp/SRC/spi.o
 .debug_line    0x00000000       0xd0 Eth_Udp/SRC/spi.o
 .debug_str     0x00000000      0x1cf Eth_Udp/SRC/spi.o
 .comment       0x00000000       0x31 Eth_Udp/SRC/spi.o
 .debug_frame   0x00000000       0x24 Eth_Udp/SRC/spi.o
 .text          0x00000000        0x0 Eth_Udp/SRC/timeout.o
 .data          0x00000000        0x0 Eth_Udp/SRC/timeout.o
 .bss           0x00000000        0x0 Eth_Udp/SRC/timeout.o
 .text._Z8delay_msj
                0x00000000       0x16 Eth_Udp/SRC/timeout.o
 .text._Z7wd_initv
                0x00000000       0x12 Eth_Udp/SRC/timeout.o
 .text._Z7wd_kickv
                0x00000000        0x4 Eth_Udp/SRC/timeout.o
 .debug_info    0x00000000      0x1a6 Eth_Udp/SRC/timeout.o
 .debug_abbrev  0x00000000      0x121 Eth_Udp/SRC/timeout.o
 .debug_loc     0x00000000       0x6e Eth_Udp/SRC/timeout.o
 .debug_aranges
                0x00000000       0x30 Eth_Udp/SRC/timeout.o
 .debug_ranges  0x00000000       0x20 Eth_Udp/SRC/timeout.o
 .debug_line    0x00000000      0x1c0 Eth_Udp/SRC/timeout.o
 .debug_str     0x00000000      0x25f Eth_Udp/SRC/timeout.o
 .comment       0x00000000       0x31 Eth_Udp/SRC/timeout.o
 .debug_frame   0x00000000       0x44 Eth_Udp/SRC/timeout.o
 .text          0x00000000        0x0 main.o
 .data          0x00000000        0x0 main.o
 .bss           0x00000000        0x0 main.o
 .text._Z11digital_OUTPVhc7Signals
                0x00000000       0x36 main.o
 .bss.warring_flag
                0x00000000        0x1 main.o
 .text          0x00000000        0x0 MiddleWare/SRC/MiddleWare.o
 .data          0x00000000        0x0 MiddleWare/SRC/MiddleWare.o
 .bss           0x00000000        0x0 MiddleWare/SRC/MiddleWare.o
 .text._Z10Event_Initv
                0x00000000        0xe MiddleWare/SRC/MiddleWare.o
 .text._Z22Event_RegisterCallback7Event_tjPFvS_jE
                0x00000000       0x16 MiddleWare/SRC/MiddleWare.o
 .text._Z20Event_RemoveCallback7Event_t
                0x00000000       0x12 MiddleWare/SRC/MiddleWare.o
 .text._Z13Event_Processv
                0x00000000       0x5c MiddleWare/SRC/MiddleWare.o
 .bss.EventCallbackTable
                0x00000000      0x100 MiddleWare/SRC/MiddleWare.o
 .bss.EventBuf  0x00000000      0x183 MiddleWare/SRC/MiddleWare.o
 .debug_info    0x00000000      0x2c7 MiddleWare/SRC/MiddleWare.o
 .debug_abbrev  0x00000000      0x191 MiddleWare/SRC/MiddleWare.o
 .debug_loc     0x00000000       0x2b MiddleWare/SRC/MiddleWare.o
 .debug_aranges
                0x00000000       0x38 MiddleWare/SRC/MiddleWare.o
 .debug_ranges  0x00000000       0x28 MiddleWare/SRC/MiddleWare.o
 .debug_line    0x00000000      0x14b MiddleWare/SRC/MiddleWare.o
 .debug_str     0x00000000      0x344 MiddleWare/SRC/MiddleWare.o
 .comment       0x00000000       0x31 MiddleWare/SRC/MiddleWare.o
 .debug_frame   0x00000000       0x54 MiddleWare/SRC/MiddleWare.o
 .text          0x00000000        0x0 RTOS/SRC/croutine.o
 .data          0x00000000        0x0 RTOS/SRC/croutine.o
 .bss           0x00000000        0x0 RTOS/SRC/croutine.o
 .text.xCoRoutineCreate
                0x00000000       0xf0 RTOS/SRC/croutine.o
 .text.vCoRoutineAddToDelayedList
                0x00000000       0x86 RTOS/SRC/croutine.o
 .text.vCoRoutineSchedule
                0x00000000      0x27a RTOS/SRC/croutine.o
 .text.xCoRoutineRemoveFromEventList
                0x00000000       0x4a RTOS/SRC/croutine.o
 .bss.xPassedTicks
                0x00000000        0x2 RTOS/SRC/croutine.o
 .bss.xLastTickCount
                0x00000000        0x2 RTOS/SRC/croutine.o
 .bss.xCoRoutineTickCount
                0x00000000        0x2 RTOS/SRC/croutine.o
 .bss.uxTopCoRoutineReadyPriority
                0x00000000        0x1 RTOS/SRC/croutine.o
 .bss.pxCurrentCoRoutine
                0x00000000        0x2 RTOS/SRC/croutine.o
 .bss.xPendingReadyCoRoutineList
                0x00000000        0x9 RTOS/SRC/croutine.o
 .bss.pxOverflowDelayedCoRoutineList
                0x00000000        0x2 RTOS/SRC/croutine.o
 .bss.pxDelayedCoRoutineList
                0x00000000        0x2 RTOS/SRC/croutine.o
 .bss.xDelayedCoRoutineList2
                0x00000000        0x9 RTOS/SRC/croutine.o
 .bss.xDelayedCoRoutineList1
                0x00000000        0x9 RTOS/SRC/croutine.o
 .bss.pxReadyCoRoutineLists
                0x00000000       0x12 RTOS/SRC/croutine.o
 .debug_info    0x00000000      0x7ca RTOS/SRC/croutine.o
 .debug_abbrev  0x00000000      0x257 RTOS/SRC/croutine.o
 .debug_loc     0x00000000      0x3eb RTOS/SRC/croutine.o
 .debug_aranges
                0x00000000       0x38 RTOS/SRC/croutine.o
 .debug_ranges  0x00000000       0x28 RTOS/SRC/croutine.o
 .debug_line    0x00000000      0x391 RTOS/SRC/croutine.o
 .debug_str     0x00000000      0x551 RTOS/SRC/croutine.o
 .comment       0x00000000       0x31 RTOS/SRC/croutine.o
 .debug_frame   0x00000000       0xc0 RTOS/SRC/croutine.o
 .text          0x00000000        0x0 RTOS/SRC/event_groups.o
 .data          0x00000000        0x0 RTOS/SRC/event_groups.o
 .bss           0x00000000        0x0 RTOS/SRC/event_groups.o
 .text.xEventGroupCreate
                0x00000000       0x26 RTOS/SRC/event_groups.o
 .text.xEventGroupWaitBits
                0x00000000      0x110 RTOS/SRC/event_groups.o
 .text.xEventGroupClearBits
                0x00000000       0x1e RTOS/SRC/event_groups.o
 .text.xEventGroupGetBitsFromISR
                0x00000000        0x8 RTOS/SRC/event_groups.o
 .text.xEventGroupSetBits
                0x00000000       0xdc RTOS/SRC/event_groups.o
 .text.xEventGroupSync
                0x00000000       0xce RTOS/SRC/event_groups.o
 .text.vEventGroupDelete
                0x00000000       0x32 RTOS/SRC/event_groups.o
 .text.vEventGroupSetBitsCallback
                0x00000000        0x8 RTOS/SRC/event_groups.o
 .text.vEventGroupClearBitsCallback
                0x00000000        0x8 RTOS/SRC/event_groups.o
 .debug_info    0x00000000      0x934 RTOS/SRC/event_groups.o
 .debug_abbrev  0x00000000      0x26b RTOS/SRC/event_groups.o
 .debug_loc     0x00000000      0xb26 RTOS/SRC/event_groups.o
 .debug_aranges
                0x00000000       0x60 RTOS/SRC/event_groups.o
 .debug_ranges  0x00000000       0x68 RTOS/SRC/event_groups.o
 .debug_line    0x00000000      0x434 RTOS/SRC/event_groups.o
 .debug_str     0x00000000      0x5a1 RTOS/SRC/event_groups.o
 .comment       0x00000000       0x31 RTOS/SRC/event_groups.o
 .debug_frame   0x00000000      0x158 RTOS/SRC/event_groups.o
 .text          0x00000000        0x0 RTOS/SRC/heap_1.o
 .data          0x00000000        0x0 RTOS/SRC/heap_1.o
 .bss           0x00000000        0x0 RTOS/SRC/heap_1.o
 .text.vPortInitialiseBlocks
                0x00000000        0xa RTOS/SRC/heap_1.o
 .text.xPortGetFreeHeapSize
                0x00000000       0x12 RTOS/SRC/heap_1.o
 .text          0x00000000        0x0 RTOS/SRC/list.o
 .data          0x00000000        0x0 RTOS/SRC/list.o
 .bss           0x00000000        0x0 RTOS/SRC/list.o
 .text          0x00000000        0x0 RTOS/SRC/port.o
 .data          0x00000000        0x0 RTOS/SRC/port.o
 .bss           0x00000000        0x0 RTOS/SRC/port.o
 .text.vPortEndScheduler
                0x00000000        0x2 RTOS/SRC/port.o
 .text          0x00000000        0x0 RTOS/SRC/queue.o
 .data          0x00000000        0x0 RTOS/SRC/queue.o
 .bss           0x00000000        0x0 RTOS/SRC/queue.o
 .text.xQueueGenericSendFromISR
                0x00000000       0x74 RTOS/SRC/queue.o
 .text.xQueueGiveFromISR
                0x00000000       0x52 RTOS/SRC/queue.o
 .text.xQueueReceiveFromISR
                0x00000000       0x6e RTOS/SRC/queue.o
 .text.xQueuePeekFromISR
                0x00000000       0x2e RTOS/SRC/queue.o
 .text.uxQueueMessagesWaiting
                0x00000000       0x10 RTOS/SRC/queue.o
 .text.uxQueueSpacesAvailable
                0x00000000       0x14 RTOS/SRC/queue.o
 .text.uxQueueMessagesWaitingFromISR
                0x00000000        0x6 RTOS/SRC/queue.o
 .text.vQueueDelete
                0x00000000        0x6 RTOS/SRC/queue.o
 .text.xQueueIsQueueEmptyFromISR
                0x00000000        0xc RTOS/SRC/queue.o
 .text.xQueueIsQueueFullFromISR
                0x00000000        0xe RTOS/SRC/queue.o
 .text.xQueueCRSend
                0x00000000       0x72 RTOS/SRC/queue.o
 .text.xQueueCRReceive
                0x00000000       0x92 RTOS/SRC/queue.o
 .text.xQueueCRSendFromISR
                0x00000000       0x48 RTOS/SRC/queue.o
 .text.xQueueCRReceiveFromISR
                0x00000000       0x82 RTOS/SRC/queue.o
 .text          0x00000000        0x0 RTOS/SRC/tasks.o
 .data          0x00000000        0x0 RTOS/SRC/tasks.o
 .bss           0x00000000        0x0 RTOS/SRC/tasks.o
 .text.vTaskDelete
                0x00000000       0xaa RTOS/SRC/tasks.o
 .text.vTaskResume
                0x00000000       0x9e RTOS/SRC/tasks.o
 .text.xTaskResumeFromISR
                0x00000000       0xae RTOS/SRC/tasks.o
 .text.vTaskEndScheduler
                0x00000000        0xc RTOS/SRC/tasks.o
 .text.xTaskGetTickCount
                0x00000000       0x14 RTOS/SRC/tasks.o
 .text.xTaskGetTickCountFromISR
                0x00000000        0xa RTOS/SRC/tasks.o
 .text.uxTaskGetNumberOfTasks
                0x00000000        0x6 RTOS/SRC/tasks.o
 .text.pcTaskGetName
                0x00000000       0x10 RTOS/SRC/tasks.o
 .text.vTaskDelayUntil
                0x00000000       0x80 RTOS/SRC/tasks.o
 .text.vTaskSuspend
                0x00000000       0x9c RTOS/SRC/tasks.o
 .text.vTaskPlaceOnUnorderedEventList
                0x00000000       0x32 RTOS/SRC/tasks.o
 .text.xTaskRemoveFromUnorderedEventList
                0x00000000       0x74 RTOS/SRC/tasks.o
 .text.xTaskGetCurrentTaskHandle
                0x00000000        0xa RTOS/SRC/tasks.o
 .text.uxTaskResetEventItemValue
                0x00000000       0x2e RTOS/SRC/tasks.o
 .text.ulTaskNotifyTake
                0x00000000       0xb2 RTOS/SRC/tasks.o
 .text.xTaskNotifyWait
                0x00000000      0x108 RTOS/SRC/tasks.o
 .text.xTaskGenericNotify
                0x00000000       0xfc RTOS/SRC/tasks.o
 .text.xTaskGenericNotifyFromISR
                0x00000000      0x122 RTOS/SRC/tasks.o
 .text.vTaskNotifyGiveFromISR
                0x00000000       0xb6 RTOS/SRC/tasks.o
 .text.xTaskNotifyStateClear
                0x00000000       0x28 RTOS/SRC/tasks.o
 .text          0x00000000        0x0 RTOS/SRC/timers.o
 .data          0x00000000        0x0 RTOS/SRC/timers.o
 .bss           0x00000000        0x0 RTOS/SRC/timers.o
 .debug_info    0x00000000       0x64 RTOS/SRC/timers.o
 .debug_abbrev  0x00000000       0x26 RTOS/SRC/timers.o
 .debug_aranges
                0x00000000       0x18 RTOS/SRC/timers.o
 .debug_line    0x00000000       0x1a RTOS/SRC/timers.o
 .debug_str     0x00000000      0x17e RTOS/SRC/timers.o
 .comment       0x00000000       0x31 RTOS/SRC/timers.o
 .text          0x00000000        0x0 c:/program files (x86)/atmel/studio/7.0/toolchain/avr8/avr8-gnu-toolchain/bin/../lib/gcc/avr/4.9.2/avr51\libgcc.a(_divmodhi4.o)
 .data          0x00000000        0x0 c:/program files (x86)/atmel/studio/7.0/toolchain/avr8/avr8-gnu-toolchain/bin/../lib/gcc/avr/4.9.2/avr51\libgcc.a(_divmodhi4.o)
 .bss           0x00000000        0x0 c:/program files (x86)/atmel/studio/7.0/toolchain/avr8/avr8-gnu-toolchain/bin/../lib/gcc/avr/4.9.2/avr51\libgcc.a(_divmodhi4.o)
 .text.libgcc.mul
                0x00000000        0x0 c:/program files (x86)/atmel/studio/7.0/toolchain/avr8/avr8-gnu-toolchain/bin/../lib/gcc/avr/4.9.2/avr51\libgcc.a(_divmodhi4.o)
 .text.libgcc   0x00000000        0x0 c:/program files (x86)/atmel/studio/7.0/toolchain/avr8/avr8-gnu-toolchain/bin/../lib/gcc/avr/4.9.2/avr51\libgcc.a(_divmodhi4.o)
 .text.libgcc.prologue
                0x00000000        0x0 c:/program files (x86)/atmel/studio/7.0/toolchain/avr8/avr8-gnu-toolchain/bin/../lib/gcc/avr/4.9.2/avr51\libgcc.a(_divmodhi4.o)
 .text.libgcc.builtins
                0x00000000        0x0 c:/program files (x86)/atmel/studio/7.0/toolchain/avr8/avr8-gnu-toolchain/bin/../lib/gcc/avr/4.9.2/avr51\libgcc.a(_divmodhi4.o)
 .text.libgcc.fmul
                0x00000000        0x0 c:/program files (x86)/atmel/studio/7.0/toolchain/avr8/avr8-gnu-toolchain/bin/../lib/gcc/avr/4.9.2/avr51\libgcc.a(_divmodhi4.o)
 .text.libgcc.fixed
                0x00000000        0x0 c:/program files (x86)/atmel/studio/7.0/toolchain/avr8/avr8-gnu-toolchain/bin/../lib/gcc/avr/4.9.2/avr51\libgcc.a(_divmodhi4.o)
 .text          0x00000000        0x0 c:/program files (x86)/atmel/studio/7.0/toolchain/avr8/avr8-gnu-toolchain/bin/../lib/gcc/avr/4.9.2/avr51\libgcc.a(_exit.o)
 .data          0x00000000        0x0 c:/program files (x86)/atmel/studio/7.0/toolchain/avr8/avr8-gnu-toolchain/bin/../lib/gcc/avr/4.9.2/avr51\libgcc.a(_exit.o)
 .bss           0x00000000        0x0 c:/program files (x86)/atmel/studio/7.0/toolchain/avr8/avr8-gnu-toolchain/bin/../lib/gcc/avr/4.9.2/avr51\libgcc.a(_exit.o)
 .text.libgcc.mul
                0x00000000        0x0 c:/program files (x86)/atmel/studio/7.0/toolchain/avr8/avr8-gnu-toolchain/bin/../lib/gcc/avr/4.9.2/avr51\libgcc.a(_exit.o)
 .text.libgcc.div
                0x00000000        0x0 c:/program files (x86)/atmel/studio/7.0/toolchain/avr8/avr8-gnu-toolchain/bin/../lib/gcc/avr/4.9.2/avr51\libgcc.a(_exit.o)
 .text.libgcc   0x00000000        0x0 c:/program files (x86)/atmel/studio/7.0/toolchain/avr8/avr8-gnu-toolchain/bin/../lib/gcc/avr/4.9.2/avr51\libgcc.a(_exit.o)
 .text.libgcc.prologue
                0x00000000        0x0 c:/program files (x86)/atmel/studio/7.0/toolchain/avr8/avr8-gnu-toolchain/bin/../lib/gcc/avr/4.9.2/avr51\libgcc.a(_exit.o)
 .text.libgcc.builtins
                0x00000000        0x0 c:/program files (x86)/atmel/studio/7.0/toolchain/avr8/avr8-gnu-toolchain/bin/../lib/gcc/avr/4.9.2/avr51\libgcc.a(_exit.o)
 .text.libgcc.fmul
                0x00000000        0x0 c:/program files (x86)/atmel/studio/7.0/toolchain/avr8/avr8-gnu-toolchain/bin/../lib/gcc/avr/4.9.2/avr51\libgcc.a(_exit.o)
 .text.libgcc.fixed
                0x00000000        0x0 c:/program files (x86)/atmel/studio/7.0/toolchain/avr8/avr8-gnu-toolchain/bin/../lib/gcc/avr/4.9.2/avr51\libgcc.a(_exit.o)
 .text          0x00000000        0x0 c:/program files (x86)/atmel/studio/7.0/toolchain/avr8/avr8-gnu-toolchain/bin/../lib/gcc/avr/4.9.2/avr51\libgcc.a(_copy_data.o)
 .data          0x00000000        0x0 c:/program files (x86)/atmel/studio/7.0/toolchain/avr8/avr8-gnu-toolchain/bin/../lib/gcc/avr/4.9.2/avr51\libgcc.a(_copy_data.o)
 .bss           0x00000000        0x0 c:/program files (x86)/atmel/studio/7.0/toolchain/avr8/avr8-gnu-toolchain/bin/../lib/gcc/avr/4.9.2/avr51\libgcc.a(_copy_data.o)
 .text.libgcc.mul
                0x00000000        0x0 c:/program files (x86)/atmel/studio/7.0/toolchain/avr8/avr8-gnu-toolchain/bin/../lib/gcc/avr/4.9.2/avr51\libgcc.a(_copy_data.o)
 .text.libgcc.div
                0x00000000        0x0 c:/program files (x86)/atmel/studio/7.0/toolchain/avr8/avr8-gnu-toolchain/bin/../lib/gcc/avr/4.9.2/avr51\libgcc.a(_copy_data.o)
 .text.libgcc   0x00000000        0x0 c:/program files (x86)/atmel/studio/7.0/toolchain/avr8/avr8-gnu-toolchain/bin/../lib/gcc/avr/4.9.2/avr51\libgcc.a(_copy_data.o)
 .text.libgcc.prologue
                0x00000000        0x0 c:/program files (x86)/atmel/studio/7.0/toolchain/avr8/avr8-gnu-toolchain/bin/../lib/gcc/avr/4.9.2/avr51\libgcc.a(_copy_data.o)
 .text.libgcc.builtins
                0x00000000        0x0 c:/program files (x86)/atmel/studio/7.0/toolchain/avr8/avr8-gnu-toolchain/bin/../lib/gcc/avr/4.9.2/avr51\libgcc.a(_copy_data.o)
 .text.libgcc.fmul
                0x00000000        0x0 c:/program files (x86)/atmel/studio/7.0/toolchain/avr8/avr8-gnu-toolchain/bin/../lib/gcc/avr/4.9.2/avr51\libgcc.a(_copy_data.o)
 .text.libgcc.fixed
                0x00000000        0x0 c:/program files (x86)/atmel/studio/7.0/toolchain/avr8/avr8-gnu-toolchain/bin/../lib/gcc/avr/4.9.2/avr51\libgcc.a(_copy_data.o)
 .text          0x00000000        0x0 c:/program files (x86)/atmel/studio/7.0/toolchain/avr8/avr8-gnu-toolchain/bin/../lib/gcc/avr/4.9.2/avr51\libgcc.a(_clear_bss.o)
 .data          0x00000000        0x0 c:/program files (x86)/atmel/studio/7.0/toolchain/avr8/avr8-gnu-toolchain/bin/../lib/gcc/avr/4.9.2/avr51\libgcc.a(_clear_bss.o)
 .bss           0x00000000        0x0 c:/program files (x86)/atmel/studio/7.0/toolchain/avr8/avr8-gnu-toolchain/bin/../lib/gcc/avr/4.9.2/avr51\libgcc.a(_clear_bss.o)
 .text.libgcc.mul
                0x00000000        0x0 c:/program files (x86)/atmel/studio/7.0/toolchain/avr8/avr8-gnu-toolchain/bin/../lib/gcc/avr/4.9.2/avr51\libgcc.a(_clear_bss.o)
 .text.libgcc.div
                0x00000000        0x0 c:/program files (x86)/atmel/studio/7.0/toolchain/avr8/avr8-gnu-toolchain/bin/../lib/gcc/avr/4.9.2/avr51\libgcc.a(_clear_bss.o)
 .text.libgcc   0x00000000        0x0 c:/program files (x86)/atmel/studio/7.0/toolchain/avr8/avr8-gnu-toolchain/bin/../lib/gcc/avr/4.9.2/avr51\libgcc.a(_clear_bss.o)
 .text.libgcc.prologue
                0x00000000        0x0 c:/program files (x86)/atmel/studio/7.0/toolchain/avr8/avr8-gnu-toolchain/bin/../lib/gcc/avr/4.9.2/avr51\libgcc.a(_clear_bss.o)
 .text.libgcc.builtins
                0x00000000        0x0 c:/program files (x86)/atmel/studio/7.0/toolchain/avr8/avr8-gnu-toolchain/bin/../lib/gcc/avr/4.9.2/avr51\libgcc.a(_clear_bss.o)
 .text.libgcc.fmul
                0x00000000        0x0 c:/program files (x86)/atmel/studio/7.0/toolchain/avr8/avr8-gnu-toolchain/bin/../lib/gcc/avr/4.9.2/avr51\libgcc.a(_clear_bss.o)
 .text.libgcc.fixed
                0x00000000        0x0 c:/program files (x86)/atmel/studio/7.0/toolchain/avr8/avr8-gnu-toolchain/bin/../lib/gcc/avr/4.9.2/avr51\libgcc.a(_clear_bss.o)
 .text          0x00000000        0x0 c:/program files (x86)/atmel/studio/7.0/toolchain/avr8/avr8-gnu-toolchain/bin/../lib/gcc/avr/4.9.2/avr51\libgcc.a(_udivmodhi4.o)
 .data          0x00000000        0x0 c:/program files (x86)/atmel/studio/7.0/toolchain/avr8/avr8-gnu-toolchain/bin/../lib/gcc/avr/4.9.2/avr51\libgcc.a(_udivmodhi4.o)
 .bss           0x00000000        0x0 c:/program files (x86)/atmel/studio/7.0/toolchain/avr8/avr8-gnu-toolchain/bin/../lib/gcc/avr/4.9.2/avr51\libgcc.a(_udivmodhi4.o)
 .text.libgcc.mul
                0x00000000        0x0 c:/program files (x86)/atmel/studio/7.0/toolchain/avr8/avr8-gnu-toolchain/bin/../lib/gcc/avr/4.9.2/avr51\libgcc.a(_udivmodhi4.o)
 .text.libgcc   0x00000000        0x0 c:/program files (x86)/atmel/studio/7.0/toolchain/avr8/avr8-gnu-toolchain/bin/../lib/gcc/avr/4.9.2/avr51\libgcc.a(_udivmodhi4.o)
 .text.libgcc.prologue
                0x00000000        0x0 c:/program files (x86)/atmel/studio/7.0/toolchain/avr8/avr8-gnu-toolchain/bin/../lib/gcc/avr/4.9.2/avr51\libgcc.a(_udivmodhi4.o)
 .text.libgcc.builtins
                0x00000000        0x0 c:/program files (x86)/atmel/studio/7.0/toolchain/avr8/avr8-gnu-toolchain/bin/../lib/gcc/avr/4.9.2/avr51\libgcc.a(_udivmodhi4.o)
 .text.libgcc.fmul
                0x00000000        0x0 c:/program files (x86)/atmel/studio/7.0/toolchain/avr8/avr8-gnu-toolchain/bin/../lib/gcc/avr/4.9.2/avr51\libgcc.a(_udivmodhi4.o)
 .text.libgcc.fixed
                0x00000000        0x0 c:/program files (x86)/atmel/studio/7.0/toolchain/avr8/avr8-gnu-toolchain/bin/../lib/gcc/avr/4.9.2/avr51\libgcc.a(_udivmodhi4.o)
 .text          0x00000000        0x0 c:/program files (x86)/atmel/studio/7.0/toolchain/avr8/avr8-gnu-toolchain/bin/../lib/gcc/avr/4.9.2/../../../../avr/lib/avr51\libc.a(memcpy.o)
 .data          0x00000000        0x0 c:/program files (x86)/atmel/studio/7.0/toolchain/avr8/avr8-gnu-toolchain/bin/../lib/gcc/avr/4.9.2/../../../../avr/lib/avr51\libc.a(memcpy.o)
 .bss           0x00000000        0x0 c:/program files (x86)/atmel/studio/7.0/toolchain/avr8/avr8-gnu-toolchain/bin/../lib/gcc/avr/4.9.2/../../../../avr/lib/avr51\libc.a(memcpy.o)

Memory Configuration

Name             Origin             Length             Attributes
text             0x00000000         0x00020000         xr
data             0x00800100         0x0000ff00         rw !x
eeprom           0x00810000         0x00010000         rw !x
fuse             0x00820000         0x00000003         rw !x
lock             0x00830000         0x00000400         rw !x
signature        0x00840000         0x00000400         rw !x
user_signatures  0x00850000         0x00000400         rw !x
*default*        0x00000000         0xffffffff

Linker script and memory map

Address of section .data set to 0x800100
LOAD C:/Program Files (x86)/Atmel/Studio/7.0/Packs/atmel/ATmega_DFP/1.1.130/gcc/dev/atmega128a/avr51/crtatmega128a.o
LOAD CommunicateProtocols/src/Modbus_rtu.o
LOAD Datastructure/src/SerialBuffer.o
LOAD DeviceDriver/src/Dev_Manager.o
LOAD DeviceDriver/src/RS485Driver.o
LOAD DeviceDriver/src/UartDriver.o
LOAD Eth_Udp/SRC/enc28j60.o
LOAD Eth_Udp/SRC/ip_arp_udp_tcp.o
LOAD Eth_Udp/SRC/spi.o
LOAD Eth_Udp/SRC/timeout.o
LOAD main.o
LOAD MiddleWare/SRC/MiddleWare.o
LOAD RTOS/SRC/croutine.o
LOAD RTOS/SRC/event_groups.o
LOAD RTOS/SRC/heap_1.o
LOAD RTOS/SRC/list.o
LOAD RTOS/SRC/port.o
LOAD RTOS/SRC/queue.o
LOAD RTOS/SRC/tasks.o
LOAD RTOS/SRC/timers.o
START GROUP
LOAD c:/program files (x86)/atmel/studio/7.0/toolchain/avr8/avr8-gnu-toolchain/bin/../lib/gcc/avr/4.9.2/../../../../avr/lib/avr51\libm.a
END GROUP
LOAD c:/program files (x86)/atmel/studio/7.0/toolchain/avr8/avr8-gnu-toolchain/bin/../lib/gcc/avr/4.9.2/avr51\libgcc.a
LOAD c:/program files (x86)/atmel/studio/7.0/toolchain/avr8/avr8-gnu-toolchain/bin/../lib/gcc/avr/4.9.2/../../../../avr/lib/avr51\libm.a
START GROUP
LOAD c:/program files (x86)/atmel/studio/7.0/toolchain/avr8/avr8-gnu-toolchain/bin/../lib/gcc/avr/4.9.2/avr51\libgcc.a
LOAD c:/program files (x86)/atmel/studio/7.0/toolchain/avr8/avr8-gnu-toolchain/bin/../lib/gcc/avr/4.9.2/../../../../avr/lib/avr51\libm.a
LOAD c:/program files (x86)/atmel/studio/7.0/toolchain/avr8/avr8-gnu-toolchain/bin/../lib/gcc/avr/4.9.2/../../../../avr/lib/avr51\libc.a
LOAD C:/Program Files (x86)/Atmel/Studio/7.0/Packs/atmel/ATmega_DFP/1.1.130/gcc/dev/atmega128a/avr51\libatmega128a.a
END GROUP
                0x00020000                __TEXT_REGION_LENGTH__ = DEFINED (__TEXT_REGION_LENGTH__)?__TEXT_REGION_LENGTH__:0x20000
                0x0000ff00                __DATA_REGION_LENGTH__ = DEFINED (__DATA_REGION_LENGTH__)?__DATA_REGION_LENGTH__:0xff00
                0x00010000                __EEPROM_REGION_LENGTH__ = DEFINED (__EEPROM_REGION_LENGTH__)?__EEPROM_REGION_LENGTH__:0x10000
                [0x00000003]                __FUSE_REGION_LENGTH__ = DEFINED (__FUSE_REGION_LENGTH__)?__FUSE_REGION_LENGTH__:0x400
                0x00000400                __LOCK_REGION_LENGTH__ = DEFINED (__LOCK_REGION_LENGTH__)?__LOCK_REGION_LENGTH__:0x400
                0x00000400                __SIGNATURE_REGION_LENGTH__ = DEFINED (__SIGNATURE_REGION_LENGTH__)?__SIGNATURE_REGION_LENGTH__:0x400
                0x00000400                __USER_SIGNATURE_REGION_LENGTH__ = DEFINED (__USER_SIGNATURE_REGION_LENGTH__)?__USER_SIGNATURE_REGION_LENGTH__:0x400

.hash
 *(.hash)

.dynsym
 *(.dynsym)

.dynstr
 *(.dynstr)

.gnu.version
 *(.gnu.version)

.gnu.version_d
 *(.gnu.version_d)

.gnu.version_r
 *(.gnu.version_r)

.rel.init
 *(.rel.init)

.rela.init
 *(.rela.init)

.rel.text
 *(.rel.text)
 *(.rel.text.*)
 *(.rel.gnu.linkonce.t*)

.rela.text
 *(.rela.text)
 *(.rela.text.*)
 *(.rela.gnu.linkonce.t*)

.rel.fini
 *(.rel.fini)

.rela.fini
 *(.rela.fini)

.rel.rodata
 *(.rel.rodata)
 *(.rel.rodata.*)
 *(.rel.gnu.linkonce.r*)

.rela.rodata
 *(.rela.rodata)
 *(.rela.rodata.*)
 *(.rela.gnu.linkonce.r*)

.rel.data
 *(.rel.data)
 *(.rel.data.*)
 *(.rel.gnu.linkonce.d*)

.rela.data
 *(.rela.data)
 *(.rela.data.*)
 *(.rela.gnu.linkonce.d*)

.rel.ctors
 *(.rel.ctors)

.rela.ctors
 *(.rela.ctors)

.rel.dtors
 *(.rel.dtors)

.rela.dtors
 *(.rela.dtors)

.rel.got
 *(.rel.got)

.rela.got
 *(.rela.got)

.rel.bss
 *(.rel.bss)

.rela.bss
 *(.rela.bss)

.rel.plt
 *(.rel.plt)

.rela.plt
 *(.rela.plt)

.text           0x00000000     0x296a
 *(.vectors)
 .vectors       0x00000000       0x8c C:/Program Files (x86)/Atmel/Studio/7.0/Packs/atmel/ATmega_DFP/1.1.130/gcc/dev/atmega128a/avr51/crtatmega128a.o
                0x00000000                __vector_default
                0x00000000                __vectors
 *(.vectors)
 *(.progmem.gcc*)
                0x0000008c                . = ALIGN (0x2)
                0x0000008c                __trampolines_start = .
 *(.trampolines)
 .trampolines   0x0000008c        0x0 linker stubs
 *(.trampolines*)
                0x0000008c                __trampolines_end = .
 *libprintf_flt.a:*(.progmem.data)
 *libc.a:*(.progmem.data)
 *(.progmem*)
                0x0000008c                . = ALIGN (0x2)
 *(.jumptables)
 *(.jumptables*)
 *(.lowtext)
 *(.lowtext*)
                0x0000008c                __ctors_start = .
 *(.ctors)
                0x0000008c                __ctors_end = .
                0x0000008c                __dtors_start = .
 *(.dtors)
                0x0000008c                __dtors_end = .
 SORT(*)(.ctors)
 SORT(*)(.dtors)
 *(.init0)
 .init0         0x0000008c        0x0 C:/Program Files (x86)/Atmel/Studio/7.0/Packs/atmel/ATmega_DFP/1.1.130/gcc/dev/atmega128a/avr51/crtatmega128a.o
                0x0000008c                __init
 *(.init0)
 *(.init1)
 *(.init1)
 *(.init2)
 .init2         0x0000008c        0xc C:/Program Files (x86)/Atmel/Studio/7.0/Packs/atmel/ATmega_DFP/1.1.130/gcc/dev/atmega128a/avr51/crtatmega128a.o
 *(.init2)
 *(.init3)
 *(.init3)
 *(.init4)
 .init4         0x00000098       0x1a c:/program files (x86)/atmel/studio/7.0/toolchain/avr8/avr8-gnu-toolchain/bin/../lib/gcc/avr/4.9.2/avr51\libgcc.a(_copy_data.o)
                0x00000098                __do_copy_data
 .init4         0x000000b2       0x10 c:/program files (x86)/atmel/studio/7.0/toolchain/avr8/avr8-gnu-toolchain/bin/../lib/gcc/avr/4.9.2/avr51\libgcc.a(_clear_bss.o)
                0x000000b2                __do_clear_bss
 *(.init4)
 *(.init5)
 *(.init5)
 *(.init6)
 *(.init6)
 *(.init7)
 *(.init7)
 *(.init8)
 *(.init8)
 *(.init9)
 .init9         0x000000c2        0x6 C:/Program Files (x86)/Atmel/Studio/7.0/Packs/atmel/ATmega_DFP/1.1.130/gcc/dev/atmega128a/avr51/crtatmega128a.o
 *(.init9)
 *(.text)
 .text          0x000000c8        0x2 C:/Program Files (x86)/Atmel/Studio/7.0/Packs/atmel/ATmega_DFP/1.1.130/gcc/dev/atmega128a/avr51/crtatmega128a.o
                0x000000c8                __vector_22
                0x000000c8                __vector_28
                0x000000c8                __vector_1
                0x000000c8                __vector_32
                0x000000c8                __vector_34
                0x000000c8                __vector_24
                0x000000c8                __bad_interrupt
                0x000000c8                __vector_6
                0x000000c8                __vector_31
                0x000000c8                __vector_3
                0x000000c8                __vector_23
                0x000000c8                __vector_25
                0x000000c8                __vector_11
                0x000000c8                __vector_13
                0x000000c8                __vector_17
                0x000000c8                __vector_19
                0x000000c8                __vector_7
                0x000000c8                __vector_27
                0x000000c8                __vector_5
                0x000000c8                __vector_33
                0x000000c8                __vector_4
                0x000000c8                __vector_9
                0x000000c8                __vector_2
                0x000000c8                __vector_21
                0x000000c8                __vector_15
                0x000000c8                __vector_29
                0x000000c8                __vector_8
                0x000000c8                __vector_26
                0x000000c8                __vector_14
                0x000000c8                __vector_10
                0x000000c8                __vector_16
                0x000000c8                __vector_20
                0x000000ca                . = ALIGN (0x2)
 *(.text.*)
 .text._Z5CRC16Phi
                0x000000ca       0x3c CommunicateProtocols/src/Modbus_rtu.o
                0x000000ca                _Z5CRC16Phi
 .text._Z13GetFunc01DataPcP17GetFunctionCode01S_
                0x00000106       0x3e CommunicateProtocols/src/Modbus_rtu.o
                0x00000106                _Z13GetFunc01DataPcP17GetFunctionCode01S_
 .text._Z13GetFunc04DataPcP17GetFunctionCode04Pi
                0x00000144       0x42 CommunicateProtocols/src/Modbus_rtu.o
                0x00000144                _Z13GetFunc04DataPcP17GetFunctionCode04Pi
 .text._Z13GetFunc05DataPcP17GetFunctionCode05
                0x00000186       0x32 CommunicateProtocols/src/Modbus_rtu.o
                0x00000186                _Z13GetFunc05DataPcP17GetFunctionCode05
 .text._Z13GetFucc10DataPcP17GetFunctionCode10Pi
                0x000001b8       0x54 CommunicateProtocols/src/Modbus_rtu.o
                0x000001b8                _Z13GetFucc10DataPcP17GetFunctionCode10Pi
 .text._Z18ResponseFucc10DataPcP22ResponseFunctionCode10
                0x0000020c       0x32 CommunicateProtocols/src/Modbus_rtu.o
                0x0000020c                _Z18ResponseFucc10DataPcP22ResponseFunctionCode10
 .text._Z16GetExceptionCodePcP16RspExceptionCodecc
                0x0000023e       0x20 CommunicateProtocols/src/Modbus_rtu.o
                0x0000023e                _Z16GetExceptionCodePcP16RspExceptionCodecc
 .text._Z16getFunction3DataPcP7GetData
                0x0000025e       0x34 CommunicateProtocols/src/Modbus_rtu.o
                0x0000025e                _Z16getFunction3DataPcP7GetData
 .text._Z15Function03WritecicP16InputOutput8Byte
                0x00000292       0x2c CommunicateProtocols/src/Modbus_rtu.o
                0x00000292                _Z15Function03WritecicP16InputOutput8Byte
 .text._Z15Function06WriteciiP16InputOutput8Byte
                0x000002be       0x32 CommunicateProtocols/src/Modbus_rtu.o
                0x000002be                _Z15Function06WriteciiP16InputOutput8Byte
 .text._ZN12SerialBufferC2EP11Dev_Manager8Dev_type
                0x000002f0       0x4a Datastructure/src/SerialBuffer.o
                0x000002f0                _ZN12SerialBufferC2EP11Dev_Manager8Dev_type
                0x000002f0                _ZN12SerialBufferC1EP11Dev_Manager8Dev_type
 .text._ZN12SerialBuffernwEj
                0x0000033a        0x6 Datastructure/src/SerialBuffer.o
                0x0000033a                _ZN12SerialBuffernwEj
 .text._ZN12SerialBuffer11SerialstoreEc
                0x00000340       0x4a Datastructure/src/SerialBuffer.o
                0x00000340                _ZN12SerialBuffer11SerialstoreEc
 .text._ZN12SerialBuffer11SerialWriteEPKci
                0x0000038a       0x78 Datastructure/src/SerialBuffer.o
                0x0000038a                _ZN12SerialBuffer11SerialWriteEPKci
 .text._ZN12SerialBuffer10SerialReadEv
                0x00000402       0x58 Datastructure/src/SerialBuffer.o
                0x00000402                _ZN12SerialBuffer10SerialReadEv
 .text._ZN12SerialBuffer15SerialAvailableEv
                0x0000045a       0x16 Datastructure/src/SerialBuffer.o
                0x0000045a                _ZN12SerialBuffer15SerialAvailableEv
 .text._ZN12SerialBuffer11SerialFlushEv
                0x00000470       0x16 Datastructure/src/SerialBuffer.o
                0x00000470                _ZN12SerialBuffer11SerialFlushEv
 .text._ZN11Dev_ManagerC2Ev
                0x00000486       0x1c DeviceDriver/src/Dev_Manager.o
                0x00000486                _ZN11Dev_ManagerC2Ev
                0x00000486                _ZN11Dev_ManagerC1Ev
 .text._ZN11Dev_Manager11getInstanceEv
                0x000004a2       0x32 DeviceDriver/src/Dev_Manager.o
                0x000004a2                _ZN11Dev_Manager11getInstanceEv
 .text._ZN11Dev_Manager12Register_DevEP20DeviceDriveInterFace8Dev_type
                0x000004d4       0x12 DeviceDriver/src/Dev_Manager.o
                0x000004d4                _ZN11Dev_Manager12Register_DevEP20DeviceDriveInterFace8Dev_type
 .text._ZN11Dev_ManagernwEj
                0x000004e6        0x6 DeviceDriver/src/Dev_Manager.o
                0x000004e6                _ZN11Dev_ManagernwEj
 .text._ZN11Dev_Manager5WriteE8Dev_typec
                0x000004ec       0x28 DeviceDriver/src/Dev_Manager.o
                0x000004ec                _ZN11Dev_Manager5WriteE8Dev_typec
 .text._ZN11Dev_Manager11Device_InitE8Dev_type
                0x00000514       0x24 DeviceDriver/src/Dev_Manager.o
                0x00000514                _ZN11Dev_Manager11Device_InitE8Dev_type
 .text._ZN11Dev_Manager11Open_HandleE8Dev_typePFvS0_jE
                0x00000538       0x1a DeviceDriver/src/Dev_Manager.o
                0x00000538                _ZN11Dev_Manager11Open_HandleE8Dev_typePFvS0_jE
 .text._ZN11Dev_Manager12Driver_CheckE8Dev_type
                0x00000552       0x1a DeviceDriver/src/Dev_Manager.o
                0x00000552                _ZN11Dev_Manager12Driver_CheckE8Dev_type
 .text._ZN11Dev_Manager16getInterfaceAddrE8Dev_type
                0x0000056c       0x12 DeviceDriver/src/Dev_Manager.o
                0x0000056c                _ZN11Dev_Manager16getInterfaceAddrE8Dev_type
 .text.__vector_18
                0x0000057e       0x60 DeviceDriver/src/Dev_Manager.o
                0x0000057e                __vector_18
 .text.__vector_30
                0x000005de       0x62 DeviceDriver/src/Dev_Manager.o
                0x000005de                __vector_30
 .text._ZN20DeviceDriveInterFace11Device_ReadEv
                0x00000640        0x2 DeviceDriver/src/RS485Driver.o
                0x00000640                _ZN20DeviceDriveInterFace11Device_ReadEv
 .text._ZN11RS485Driver11Device_InitEv
                0x00000642       0x3a DeviceDriver/src/RS485Driver.o
                0x00000642                _ZN11RS485Driver11Device_InitEv
 .text._ZN11RS485DriverC2Ev
                0x0000067c       0x20 DeviceDriver/src/RS485Driver.o
                0x0000067c                _ZN11RS485DriverC1Ev
                0x0000067c                _ZN11RS485DriverC2Ev
 .text._ZN11RS485DrivernwEj
                0x0000069c        0x4 DeviceDriver/src/RS485Driver.o
                0x0000069c                _ZN11RS485DrivernwEj
 .text._ZN11RS485Driver12UART_PutcharEc
                0x000006a0       0x48 DeviceDriver/src/RS485Driver.o
                0x000006a0                _ZN11RS485Driver12UART_PutcharEc
 .text._ZN11RS485Driver12Device_WriteEc
                0x000006e8        0x4 DeviceDriver/src/RS485Driver.o
                0x000006e8                _ZN11RS485Driver12Device_WriteEc
 .text._ZN11RS485Driver14UART_PutStringEPKc
                0x000006ec       0x54 DeviceDriver/src/RS485Driver.o
                0x000006ec                _ZN11RS485Driver14UART_PutStringEPKc
 .text._ZN11RS485Driver13Device_WritesEPKc
                0x00000740        0x4 DeviceDriver/src/RS485Driver.o
                0x00000740                _ZN11RS485Driver13Device_WritesEPKc
 .text._ZN10UartDriver11Device_InitEv
                0x00000744       0x32 DeviceDriver/src/UartDriver.o
                0x00000744                _ZN10UartDriver11Device_InitEv
 .text._ZN10UartDriverC2Ev
                0x00000776       0x20 DeviceDriver/src/UartDriver.o
                0x00000776                _ZN10UartDriverC2Ev
                0x00000776                _ZN10UartDriverC1Ev
 .text._ZN10UartDrivernwEj
                0x00000796        0x4 DeviceDriver/src/UartDriver.o
                0x00000796                _ZN10UartDrivernwEj
 .text._ZN10UartDriver12UART_PutcharEc
                0x0000079a       0x40 DeviceDriver/src/UartDriver.o
                0x0000079a                _ZN10UartDriver12UART_PutcharEc
 .text._ZN10UartDriver12Device_WriteEc
                0x000007da        0x4 DeviceDriver/src/UartDriver.o
                0x000007da                _ZN10UartDriver12Device_WriteEc
 .text._ZN10UartDriver14UART_PutStringEPKc
                0x000007de       0x54 DeviceDriver/src/UartDriver.o
                0x000007de                _ZN10UartDriver14UART_PutStringEPKc
 .text._ZN10UartDriver13Device_WritesEPKc
                0x00000832        0x4 DeviceDriver/src/UartDriver.o
                0x00000832                _ZN10UartDriver13Device_WritesEPKc
 .text._Z8Uart_ISR8Dev_typej
                0x00000836        0xc main.o
                0x00000836                _Z8Uart_ISR8Dev_typej
 .text._Z9RS485_ISR8Dev_typej
                0x00000842        0xc main.o
                0x00000842                _Z9RS485_ISR8Dev_typej
 .text._Z8Init_Devv
                0x0000084e       0x64 main.o
                0x0000084e                _Z8Init_Devv
 .text.main     0x000008b2       0xda main.o
                0x000008b2                main
 .text._Z17func05_output_ctlPci
                0x0000098c      0x142 main.o
                0x0000098c                _Z17func05_output_ctlPci
 .text._Z13detect_signalv
                0x00000ace      0x1ca main.o
                0x00000ace                _Z13detect_signalv
 .text._ZL5proc1Pv
                0x00000c98      0x6de main.o
 .text._ZL4procPv
                0x00001376      0x28a main.o
 .text.vApplicationStackOverflowHook
                0x00001600        0x2 main.o
                0x00001600                vApplicationStackOverflowHook
 .text.pvPortMalloc
                0x00001602       0x66 RTOS/SRC/heap_1.o
                0x00001602                pvPortMalloc
 .text.vPortFree
                0x00001668        0x2 RTOS/SRC/heap_1.o
                0x00001668                vPortFree
 .text.vListInitialise
                0x0000166a       0x1c RTOS/SRC/list.o
                0x0000166a                vListInitialise
 .text.vListInitialiseItem
                0x00001686        0x8 RTOS/SRC/list.o
                0x00001686                vListInitialiseItem
 .text.vListInsertEnd
                0x0000168e       0x42 RTOS/SRC/list.o
                0x0000168e                vListInsertEnd
 .text.vListInsert
                0x000016d0       0x62 RTOS/SRC/list.o
                0x000016d0                vListInsert
 .text.uxListRemove
                0x00001732       0x4c RTOS/SRC/list.o
                0x00001732                uxListRemove
 .text.pxPortInitialiseStack
                0x0000177e       0xd8 RTOS/SRC/port.o
                0x0000177e                pxPortInitialiseStack
 .text.xPortStartScheduler
                0x00001856       0x6a RTOS/SRC/port.o
                0x00001856                xPortStartScheduler
 .text.vPortYield
                0x000018c0       0xb0 RTOS/SRC/port.o
                0x000018c0                vPortYield
 .text.vPortYieldFromTick
                0x00001970       0xb4 RTOS/SRC/port.o
                0x00001970                vPortYieldFromTick
 .text.__vector_12
                0x00001a24        0x4 RTOS/SRC/port.o
                0x00001a24                __vector_12
 .text.prvCopyDataToQueue
                0x00001a28       0xbc RTOS/SRC/queue.o
 .text.prvCopyDataFromQueue
                0x00001ae4       0x32 RTOS/SRC/queue.o
 .text.prvUnlockQueue
                0x00001b16       0x92 RTOS/SRC/queue.o
 .text.xQueueGenericReset
                0x00001ba8       0x72 RTOS/SRC/queue.o
                0x00001ba8                xQueueGenericReset
 .text.xQueueGenericCreate
                0x00001c1a       0x54 RTOS/SRC/queue.o
                0x00001c1a                xQueueGenericCreate
 .text.xQueueGenericSend
                0x00001c6e      0x124 RTOS/SRC/queue.o
                0x00001c6e                xQueueGenericSend
 .text.xQueueCreateMutex
                0x00001d92       0x30 RTOS/SRC/queue.o
                0x00001d92                xQueueCreateMutex
 .text.xQueueGenericReceive
                0x00001dc2      0x174 RTOS/SRC/queue.o
                0x00001dc2                xQueueGenericReceive
 .text.prvResetNextTaskUnblockTime
                0x00001f36       0x3e RTOS/SRC/tasks.o
 .text.prvAddCurrentTaskToDelayedList
                0x00001f74       0xa8 RTOS/SRC/tasks.o
 .text.xTaskCreate
                0x0000201c      0x1fc RTOS/SRC/tasks.o
                0x0000201c                xTaskCreate
 .text.vTaskStartScheduler
                0x00002218       0x50 RTOS/SRC/tasks.o
                0x00002218                vTaskStartScheduler
 .text.vTaskSuspendAll
                0x00002268        0xc RTOS/SRC/tasks.o
                0x00002268                vTaskSuspendAll
 .text.xTaskIncrementTick
                0x00002274      0x16e RTOS/SRC/tasks.o
                0x00002274                xTaskIncrementTick
 .text.xTaskResumeAll
                0x000023e2       0xf2 RTOS/SRC/tasks.o
                0x000023e2                xTaskResumeAll
 .text.vTaskDelay
                0x000024d4       0x20 RTOS/SRC/tasks.o
                0x000024d4                vTaskDelay
 .text.prvIdleTask
                0x000024f4       0x6e RTOS/SRC/tasks.o
 .text.vTaskSwitchContext
                0x00002562      0x100 RTOS/SRC/tasks.o
                0x00002562                vTaskSwitchContext
 .text.vTaskPlaceOnEventList
                0x00002662       0x22 RTOS/SRC/tasks.o
                0x00002662                vTaskPlaceOnEventList
 .text.xTaskRemoveFromEventList
                0x00002684       0x8c RTOS/SRC/tasks.o
                0x00002684                xTaskRemoveFromEventList
 .text.vTaskSetTimeOutState
                0x00002710       0x16 RTOS/SRC/tasks.o
                0x00002710                vTaskSetTimeOutState
 .text.xTaskCheckForTimeOut
                0x00002726       0x70 RTOS/SRC/tasks.o
                0x00002726                xTaskCheckForTimeOut
 .text.vTaskMissedYield
                0x00002796        0x8 RTOS/SRC/tasks.o
                0x00002796                vTaskMissedYield
 .text.vTaskPriorityInherit
                0x0000279e       0xc4 RTOS/SRC/tasks.o
                0x0000279e                vTaskPriorityInherit
 .text.xTaskPriorityDisinherit
                0x00002862       0x80 RTOS/SRC/tasks.o
                0x00002862                xTaskPriorityDisinherit
 .text.pvTaskIncrementMutexHeldCount
                0x000028e2       0x24 RTOS/SRC/tasks.o
                0x000028e2                pvTaskIncrementMutexHeldCount
 .text.libgcc.div
                0x00002906       0x26 c:/program files (x86)/atmel/studio/7.0/toolchain/avr8/avr8-gnu-toolchain/bin/../lib/gcc/avr/4.9.2/avr51\libgcc.a(_divmodhi4.o)
                0x00002906                _div
                0x00002906                __divmodhi4
 .text.libgcc.div
                0x0000292c       0x28 c:/program files (x86)/atmel/studio/7.0/toolchain/avr8/avr8-gnu-toolchain/bin/../lib/gcc/avr/4.9.2/avr51\libgcc.a(_udivmodhi4.o)
                0x0000292c                __udivmodhi4
 .text.avr-libc
                0x00002954       0x12 c:/program files (x86)/atmel/studio/7.0/toolchain/avr8/avr8-gnu-toolchain/bin/../lib/gcc/avr/4.9.2/../../../../avr/lib/avr51\libc.a(memcpy.o)
                0x00002954                memcpy
                0x00002966                . = ALIGN (0x2)
 *(.fini9)
 .fini9         0x00002966        0x0 c:/program files (x86)/atmel/studio/7.0/toolchain/avr8/avr8-gnu-toolchain/bin/../lib/gcc/avr/4.9.2/avr51\libgcc.a(_exit.o)
                0x00002966                _exit
                0x00002966                exit
 *(.fini9)
 *(.fini8)
 *(.fini8)
 *(.fini7)
 *(.fini7)
 *(.fini6)
 *(.fini6)
 *(.fini5)
 *(.fini5)
 *(.fini4)
 *(.fini4)
 *(.fini3)
 *(.fini3)
 *(.fini2)
 *(.fini2)
 *(.fini1)
 *(.fini1)
 *(.fini0)
 .fini0         0x00002966        0x4 c:/program files (x86)/atmel/studio/7.0/toolchain/avr8/avr8-gnu-toolchain/bin/../lib/gcc/avr/4.9.2/avr51\libgcc.a(_exit.o)
 *(.fini0)
                0x0000296a                _etext = .

.data           0x00800100       0x2a load address 0x0000296a
                0x00800100                PROVIDE (__data_start, .)
 *(.data)
 *(.data*)
 *(.rodata)
 *(.rodata*)
 .rodata._ZTV11RS485Driver
                0x00800100        0xc DeviceDriver/src/RS485Driver.o
                0x00800100                _ZTV11RS485Driver
 .rodata._ZTV10UartDriver
                0x0080010c        0xc DeviceDriver/src/UartDriver.o
                0x0080010c                _ZTV10UartDriver
 .rodata.str1.1
                0x00800118        0xc main.o
 .rodata.str1.1
                0x00800124        0x5 RTOS/SRC/tasks.o
 *(.gnu.linkonce.d*)
                0x0080012a                . = ALIGN (0x2)
 *fill*         0x00800129        0x1 
                0x0080012a                _edata = .
                0x0080012a                PROVIDE (__data_end, .)

.bss            0x0080012a      0x8b7
                0x0080012a                PROVIDE (__bss_start, .)
 *(.bss)
 *(.bss*)
 .bss._ZN11Dev_Manager4instE
                0x0080012a        0x2 DeviceDriver/src/Dev_Manager.o
                0x0080012a                _ZN11Dev_Manager4instE
 .bss._ZN11RS485Driver4instE
                0x0080012c        0x2 DeviceDriver/src/RS485Driver.o
                0x0080012c                _ZN11RS485Driver4instE
 .bss._ZN10UartDriver4instE
                0x0080012e        0x2 DeviceDriver/src/UartDriver.o
                0x0080012e                _ZN10UartDriver4instE
 .bss.inverter  0x00800130        0x1 main.o
                0x00800130                inverter
 .bss.buzzer_stop
                0x00800131        0x1 main.o
                0x00800131                buzzer_stop
 .bss.buffer_flag
                0x00800132        0x1 main.o
                0x00800132                buffer_flag
 .bss.mem5      0x00800133       0x14 main.o
                0x00800133                mem5
 .bss.mem4      0x00800147       0x28 main.o
                0x00800147                mem4
 .bss.mem1      0x0080016f        0x2 main.o
                0x0080016f                mem1
 .bss.heater2_states
                0x00800171        0x1 main.o
                0x00800171                heater2_states
 .bss.heater1_states
                0x00800172        0x1 main.o
                0x00800172                heater1_states
 .bss.rsp10     0x00800173        0x8 main.o
                0x00800173                rsp10
 .bss.exception
                0x0080017b        0x5 main.o
                0x0080017b                exception
 .bss.func10    0x00800180        0xb main.o
                0x00800180                func10
 .bss.func04    0x0080018b        0x7 main.o
                0x0080018b                func04
 .bss.func05    0x00800192        0x8 main.o
                0x00800192                func05
 .bss.func01    0x0080019a        0x7 main.o
                0x0080019a                func01
 .bss.DataStruct
                0x008001a1        0x4 main.o
                0x008001a1                DataStruct
 .bss.dev       0x008001a5        0x2 main.o
                0x008001a5                dev
 .bss.pucAlignedHeap.1950
                0x008001a7        0x2 RTOS/SRC/heap_1.o
 .bss.xNextFreeByte
                0x008001a9        0x2 RTOS/SRC/heap_1.o
 .bss.ucHeap    0x008001ab      0x7d0 RTOS/SRC/heap_1.o
 .bss.uxSchedulerSuspended
                0x0080097b        0x1 RTOS/SRC/tasks.o
 .bss.xIdleTaskHandle
                0x0080097c        0x2 RTOS/SRC/tasks.o
 .bss.xNextTaskUnblockTime
                0x0080097e        0x2 RTOS/SRC/tasks.o
 .bss.uxTaskNumber
                0x00800980        0x1 RTOS/SRC/tasks.o
 .bss.xNumOfOverflows
                0x00800981        0x1 RTOS/SRC/tasks.o
 .bss.xYieldPending
                0x00800982        0x1 RTOS/SRC/tasks.o
 .bss.uxPendedTicks
                0x00800983        0x1 RTOS/SRC/tasks.o
 .bss.xSchedulerRunning
                0x00800984        0x1 RTOS/SRC/tasks.o
 .bss.uxTopReadyPriority
                0x00800985        0x1 RTOS/SRC/tasks.o
 .bss.xTickCount
                0x00800986        0x2 RTOS/SRC/tasks.o
 .bss.uxCurrentNumberOfTasks
                0x00800988        0x1 RTOS/SRC/tasks.o
 .bss.xSuspendedTaskList
                0x00800989        0x9 RTOS/SRC/tasks.o
 .bss.uxDeletedTasksWaitingCleanUp
                0x00800992        0x1 RTOS/SRC/tasks.o
 .bss.xTasksWaitingTermination
                0x00800993        0x9 RTOS/SRC/tasks.o
 .bss.xPendingReadyList
                0x0080099c        0x9 RTOS/SRC/tasks.o
 .bss.pxOverflowDelayedTaskList
                0x008009a5        0x2 RTOS/SRC/tasks.o
 .bss.pxDelayedTaskList
                0x008009a7        0x2 RTOS/SRC/tasks.o
 .bss.xDelayedTaskList2
                0x008009a9        0x9 RTOS/SRC/tasks.o
 .bss.xDelayedTaskList1
                0x008009b2        0x9 RTOS/SRC/tasks.o
 .bss.pxReadyTasksLists
                0x008009bb       0x24 RTOS/SRC/tasks.o
 .bss.pxCurrentTCB
                0x008009df        0x2 RTOS/SRC/tasks.o
                0x008009df                pxCurrentTCB
 *(COMMON)
                0x008009e1                PROVIDE (__bss_end, .)
                0x0000296a                __data_load_start = LOADADDR (.data)
                0x00002994                __data_load_end = (__data_load_start + SIZEOF (.data))

.noinit         0x008009e1        0x0
                [!provide]                PROVIDE (__noinit_start, .)
 *(.noinit*)
                [!provide]                PROVIDE (__noinit_end, .)
                0x008009e1                _end = .
                [!provide]                PROVIDE (__heap_start, .)

.eeprom         0x00810000        0x0
 *(.eeprom*)
                0x00810000                __eeprom_end = .

.fuse
 *(.fuse)
 *(.lfuse)
 *(.hfuse)
 *(.efuse)

.lock
 *(.lock*)

.signature
 *(.signature*)

.user_signatures
 *(.user_signatures*)

.stab
 *(.stab)

.stabstr
 *(.stabstr)

.stab.excl
 *(.stab.excl)

.stab.exclstr
 *(.stab.exclstr)

.stab.index
 *(.stab.index)

.stab.indexstr
 *(.stab.indexstr)

.comment        0x00000000       0x30
 *(.comment)
 .comment       0x00000000       0x30 CommunicateProtocols/src/Modbus_rtu.o
                                 0x31 (size before relaxing)
 .comment       0x00000030       0x31 Datastructure/src/SerialBuffer.o
 .comment       0x00000030       0x31 DeviceDriver/src/Dev_Manager.o
 .comment       0x00000030       0x31 DeviceDriver/src/RS485Driver.o
 .comment       0x00000030       0x31 DeviceDriver/src/UartDriver.o
 .comment       0x00000030       0x31 main.o
 .comment       0x00000030       0x31 RTOS/SRC/heap_1.o
 .comment       0x00000030       0x31 RTOS/SRC/list.o
 .comment       0x00000030       0x31 RTOS/SRC/port.o
 .comment       0x00000030       0x31 RTOS/SRC/queue.o
 .comment       0x00000030       0x31 RTOS/SRC/tasks.o

.note.gnu.avr.deviceinfo
                0x00000000       0x40
 .note.gnu.avr.deviceinfo
                0x00000000       0x40 C:/Program Files (x86)/Atmel/Studio/7.0/Packs/atmel/ATmega_DFP/1.1.130/gcc/dev/atmega128a/avr51/crtatmega128a.o

.note.gnu.build-id
 *(.note.gnu.build-id)

.debug
 *(.debug)

.line
 *(.line)

.debug_srcinfo
 *(.debug_srcinfo)

.debug_sfnames
 *(.debug_sfnames)

.debug_aranges  0x00000000      0x5a0
 *(.debug_aranges)
 .debug_aranges
                0x00000000       0x78 CommunicateProtocols/src/Modbus_rtu.o
 .debug_aranges
                0x00000078       0x70 Datastructure/src/SerialBuffer.o
 .debug_aranges
                0x000000e8       0x90 DeviceDriver/src/Dev_Manager.o
 .debug_aranges
                0x00000178       0x78 DeviceDriver/src/RS485Driver.o
 .debug_aranges
                0x000001f0       0x78 DeviceDriver/src/UartDriver.o
 .debug_aranges
                0x00000268       0x68 main.o
 .debug_aranges
                0x000002d0       0x38 RTOS/SRC/heap_1.o
 .debug_aranges
                0x00000308       0x40 RTOS/SRC/list.o
 .debug_aranges
                0x00000348       0x48 RTOS/SRC/port.o
 .debug_aranges
                0x00000390       0xc8 RTOS/SRC/queue.o
 .debug_aranges
                0x00000458      0x148 RTOS/SRC/tasks.o

.debug_pubnames
 *(.debug_pubnames)

.debug_info     0x00000000     0x9258
 *(.debug_info .gnu.linkonce.wi.*)
 .debug_info    0x00000000      0x780 C:/Program Files (x86)/Atmel/Studio/7.0/Packs/atmel/ATmega_DFP/1.1.130/gcc/dev/atmega128a/avr51/crtatmega128a.o
 .debug_info    0x00000780      0xad4 CommunicateProtocols/src/Modbus_rtu.o
 .debug_info    0x00001254      0x96c Datastructure/src/SerialBuffer.o
 .debug_info    0x00001bc0      0x746 DeviceDriver/src/Dev_Manager.o
 .debug_info    0x00002306      0x8b1 DeviceDriver/src/RS485Driver.o
 .debug_info    0x00002bb7      0x8b1 DeviceDriver/src/UartDriver.o
 .debug_info    0x00003468     0x24a6 main.o
 .debug_info    0x0000590e      0x1ad RTOS/SRC/heap_1.o
 .debug_info    0x00005abb      0x2cd RTOS/SRC/list.o
 .debug_info    0x00005d88      0x261 RTOS/SRC/port.o
 .debug_info    0x00005fe9     0x1578 RTOS/SRC/queue.o
 .debug_info    0x00007561     0x1cf7 RTOS/SRC/tasks.o

.debug_abbrev   0x00000000     0x240d
 *(.debug_abbrev)
 .debug_abbrev  0x00000000      0x718 C:/Program Files (x86)/Atmel/Studio/7.0/Packs/atmel/ATmega_DFP/1.1.130/gcc/dev/atmega128a/avr51/crtatmega128a.o
 .debug_abbrev  0x00000718      0x1f4 CommunicateProtocols/src/Modbus_rtu.o
 .debug_abbrev  0x0000090c      0x30f Datastructure/src/SerialBuffer.o
 .debug_abbrev  0x00000c1b      0x310 DeviceDriver/src/Dev_Manager.o
 .debug_abbrev  0x00000f2b      0x355 DeviceDriver/src/RS485Driver.o
 .debug_abbrev  0x00001280      0x355 DeviceDriver/src/UartDriver.o
 .debug_abbrev  0x000015d5      0x44c main.o
 .debug_abbrev  0x00001a21      0x12e RTOS/SRC/heap_1.o
 .debug_abbrev  0x00001b4f       0xf8 RTOS/SRC/list.o
 .debug_abbrev  0x00001c47      0x167 RTOS/SRC/port.o
 .debug_abbrev  0x00001dae      0x2f2 RTOS/SRC/queue.o
 .debug_abbrev  0x000020a0      0x36d RTOS/SRC/tasks.o

.debug_line     0x00000000     0x3f89
 *(.debug_line .debug_line.* .debug_line_end)
 .debug_line    0x00000000      0x169 C:/Program Files (x86)/Atmel/Studio/7.0/Packs/atmel/ATmega_DFP/1.1.130/gcc/dev/atmega128a/avr51/crtatmega128a.o
 .debug_line    0x00000169      0x367 CommunicateProtocols/src/Modbus_rtu.o
 .debug_line    0x000004d0      0x3c9 Datastructure/src/SerialBuffer.o
 .debug_line    0x00000899      0x2fe DeviceDriver/src/Dev_Manager.o
 .debug_line    0x00000b97      0x34a DeviceDriver/src/RS485Driver.o
 .debug_line    0x00000ee1      0x342 DeviceDriver/src/UartDriver.o
 .debug_line    0x00001223      0xd29 main.o
 .debug_line    0x00001f4c      0x1ca RTOS/SRC/heap_1.o
 .debug_line    0x00002116      0x1e7 RTOS/SRC/list.o
 .debug_line    0x000022fd      0x2a4 RTOS/SRC/port.o
 .debug_line    0x000025a1      0xa5a RTOS/SRC/queue.o
 .debug_line    0x00002ffb      0xf8e RTOS/SRC/tasks.o

.debug_frame    0x00000000     0x1058
 *(.debug_frame)
 .debug_frame   0x00000000      0x134 CommunicateProtocols/src/Modbus_rtu.o
 .debug_frame   0x00000134      0x15c Datastructure/src/SerialBuffer.o
 .debug_frame   0x00000290      0x1a0 DeviceDriver/src/Dev_Manager.o
 .debug_frame   0x00000430      0x110 DeviceDriver/src/RS485Driver.o
 .debug_frame   0x00000540      0x110 DeviceDriver/src/UartDriver.o
 .debug_frame   0x00000650      0x104 main.o
 .debug_frame   0x00000754       0x60 RTOS/SRC/heap_1.o
 .debug_frame   0x000007b4       0x88 RTOS/SRC/list.o
 .debug_frame   0x0000083c       0x74 RTOS/SRC/port.o
 .debug_frame   0x000008b0      0x2f0 RTOS/SRC/queue.o
 .debug_frame   0x00000ba0      0x4b8 RTOS/SRC/tasks.o

.debug_str      0x00000000     0x260b
 *(.debug_str)
 .debug_str     0x00000000      0x27d C:/Program Files (x86)/Atmel/Studio/7.0/Packs/atmel/ATmega_DFP/1.1.130/gcc/dev/atmega128a/avr51/crtatmega128a.o
 .debug_str     0x0000027d      0x5f5 CommunicateProtocols/src/Modbus_rtu.o
                                0x674 (size before relaxing)
 .debug_str     0x00000872      0x4da Datastructure/src/SerialBuffer.o
                                0x6d9 (size before relaxing)
 .debug_str     0x00000d4c       0xa5 DeviceDriver/src/Dev_Manager.o
                                0x540 (size before relaxing)
 .debug_str     0x00000df1      0x301 DeviceDriver/src/RS485Driver.o
                                0x575 (size before relaxing)
 .debug_str     0x000010f2      0x146 DeviceDriver/src/UartDriver.o
                                0x569 (size before relaxing)
 .debug_str     0x00001238      0x3ce main.o
                                0xe7c (size before relaxing)
 .debug_str     0x00001606      0x153 RTOS/SRC/heap_1.o
                                0x23b (size before relaxing)
 .debug_str     0x00001759      0x130 RTOS/SRC/list.o
                                0x2bf (size before relaxing)
 .debug_str     0x00001889      0x111 RTOS/SRC/port.o
                                0x2b9 (size before relaxing)
 .debug_str     0x0000199a      0x4fe RTOS/SRC/queue.o
                                0x810 (size before relaxing)
 .debug_str     0x00001e98      0x773 RTOS/SRC/tasks.o
                                0xc9e (size before relaxing)

.debug_loc      0x00000000     0x6ef8
 *(.debug_loc)
 .debug_loc     0x00000000      0x8fb CommunicateProtocols/src/Modbus_rtu.o
 .debug_loc     0x000008fb      0x834 Datastructure/src/SerialBuffer.o
 .debug_loc     0x0000112f      0x462 DeviceDriver/src/Dev_Manager.o
 .debug_loc     0x00001591      0x2ff DeviceDriver/src/RS485Driver.o
 .debug_loc     0x00001890      0x2ff DeviceDriver/src/UartDriver.o
 .debug_loc     0x00001b8f     0x123e main.o
 .debug_loc     0x00002dcd       0xf1 RTOS/SRC/heap_1.o
 .debug_loc     0x00002ebe      0x145 RTOS/SRC/list.o
 .debug_loc     0x00003003      0x2ac RTOS/SRC/port.o
 .debug_loc     0x000032af     0x1d53 RTOS/SRC/queue.o
 .debug_loc     0x00005002     0x1ef6 RTOS/SRC/tasks.o

.debug_macinfo
 *(.debug_macinfo)

.debug_weaknames
 *(.debug_weaknames)

.debug_funcnames
 *(.debug_funcnames)

.debug_typenames
 *(.debug_typenames)

.debug_varnames
 *(.debug_varnames)

.debug_pubtypes
 *(.debug_pubtypes)

.debug_ranges   0x00000000      0x658
 *(.debug_ranges)
 .debug_ranges  0x00000000       0x68 CommunicateProtocols/src/Modbus_rtu.o
 .debug_ranges  0x00000068       0x78 Datastructure/src/SerialBuffer.o
 .debug_ranges  0x000000e0       0x80 DeviceDriver/src/Dev_Manager.o
 .debug_ranges  0x00000160       0x68 DeviceDriver/src/RS485Driver.o
 .debug_ranges  0x000001c8       0x68 DeviceDriver/src/UartDriver.o
 .debug_ranges  0x00000230       0xb8 main.o
 .debug_ranges  0x000002e8       0x28 RTOS/SRC/heap_1.o
 .debug_ranges  0x00000310       0x30 RTOS/SRC/list.o
 .debug_ranges  0x00000340       0x38 RTOS/SRC/port.o
 .debug_ranges  0x00000378      0x130 RTOS/SRC/queue.o
 .debug_ranges  0x000004a8      0x1b0 RTOS/SRC/tasks.o

.debug_macro
 *(.debug_macro)
OUTPUT(RTOS.elf elf32-avr)
LOAD linker stubs
